[0m13:39:20.499592 [debug] [MainThread]: Sending event: {'category': 'dbt', 'action': 'invocation', 'label': 'start', 'context': [<snowplow_tracker.self_describing_json.SelfDescribingJson object at 0x0000018070C30590>, <snowplow_tracker.self_describing_json.SelfDescribingJson object at 0x000001806E198B90>, <snowplow_tracker.self_describing_json.SelfDescribingJson object at 0x000001807313FB10>]}


============================== 13:39:20.507141 | 055c58d8-c6ef-4770-a0aa-30db5635593a ==============================
[0m13:39:20.507141 [info ] [MainThread]: Running with dbt=1.12.0
[0m13:39:20.508594 [debug] [MainThread]: running dbt with arguments {'static_parser': 'True', 'no_print': 'None', 'maximum_seed_size_mib': '1', 'warn_error_options': 'WarnErrorOptionsV2(error=[], warn=[], silence=[])', 'target_path': 'None', 'version_check': 'True', 'printer_width': '80', 'write_json': 'True', 'introspect': 'True', 'log_cache_events': 'False', 'empty': 'None', 'cache_selected_only': 'False', 'log_format': 'default', 'debug': 'False', 'fail_fast': 'False', 'profiles_dir': 'C:\\Users\\Acer\\.dbt', 'send_anonymous_usage_stats': 'True', 'quiet': 'False', 'warn_error': 'None', 'partial_parse': 'True', 'indirect_selection': 'eager', 'hints_enabled': 'True', 'use_colors': 'True', 'use_experimental_parser': 'False', 'invocation_command': 'dbt debug', 'log_path': 'logs'}
[0m13:39:20.537708 [info ] [MainThread]: dbt version: 1.12.0
[0m13:39:20.538806 [info ] [MainThread]: python version: 3.14.6
[0m13:39:20.539697 [info ] [MainThread]: python path: D:\NYC_Taxi_Project\.venv\Scripts\python.exe
[0m13:39:20.540430 [info ] [MainThread]: os info: Windows-11-10.0.26200-SP0
[0m13:39:20.541234 [info ] [MainThread]: Using profiles dir at C:\Users\Acer\.dbt
[0m13:39:20.541929 [info ] [MainThread]: Using profiles.yml file at C:\Users\Acer\.dbt\profiles.yml
[0m13:39:20.542786 [info ] [MainThread]: Using dbt_project.yml file at D:\NYC_Taxi_Project\dbt_project.yml
[0m13:39:20.543581 [info ] [MainThread]: Configuration:
[0m13:39:20.544271 [info ] [MainThread]:   profiles.yml file [[31mERROR not found[0m]
[0m13:39:20.545040 [info ] [MainThread]:   dbt_project.yml file [[31mERROR not found[0m]
[0m13:39:20.546073 [info ] [MainThread]: Required dependencies:
[0m13:39:20.547863 [debug] [MainThread]: Executing "git --help"
[0m13:39:20.614380 [debug] [MainThread]: STDOUT: "b"usage: git [-v | --version] [-h | --help] [-C <path>] [-c <name>=<value>]\n           [--exec-path[=<path>]] [--html-path] [--man-path] [--info-path]\n           [-p | --paginate | -P | --no-pager] [--no-replace-objects] [--no-lazy-fetch]\n           [--no-optional-locks] [--no-advice] [--bare] [--git-dir=<path>]\n           [--work-tree=<path>] [--namespace=<name>] [--config-env=<name>=<envvar>]\n           <command> [<args>]\n\nThese are common Git commands used in various situations:\n\nstart a working area (see also: git help tutorial)\n   clone      Clone a repository into a new directory\n   init       Create an empty Git repository or reinitialize an existing one\n\nwork on the current change (see also: git help everyday)\n   add        Add file contents to the index\n   mv         Move or rename a file, a directory, or a symlink\n   restore    Restore working tree files\n   rm         Remove files from the working tree and from the index\n\nexamine the history and state (see also: git help revisions)\n   bisect     Use binary search to find the commit that introduced a bug\n   diff       Show changes between commits, commit and working tree, etc\n   grep       Print lines matching a pattern\n   log        Show commit logs\n   show       Show various types of objects\n   status     Show the working tree status\n\ngrow, mark and tweak your common history\n   backfill   Download missing objects in a partial clone\n   branch     List, create, or delete branches\n   commit     Record changes to the repository\n   history    EXPERIMENTAL: Rewrite history\n   merge      Join two or more development histories together\n   rebase     Reapply commits on top of another base tip\n   reset      Set `HEAD` or the index to a known state\n   switch     Switch branches\n   tag        Create, list, delete or verify tags\n\ncollaborate (see also: git help workflows)\n   fetch      Download objects and refs from another repository\n   pull       Fetch from and integrate with another repository or a local branch\n   push       Update remote refs along with associated objects\n\n'git help -a' and 'git help -g' list available subcommands and some\nconcept guides. See 'git help <command>' or 'git help <concept>'\nto read about a specific subcommand or concept.\nSee 'git help git' for an overview of the system.\n""
[0m13:39:20.615084 [debug] [MainThread]: STDERR: "b''"
[0m13:39:20.615609 [info ] [MainThread]:  - git [[32mOK found[0m]

[0m13:39:20.616274 [info ] [MainThread]: Connection test skipped since no profile was found
[0m13:39:20.617036 [info ] [MainThread]: [31m2 checks failed:[0m
[0m13:39:20.617632 [info ] [MainThread]: dbt looked for a profiles.yml file in C:\Users\Acer\.dbt\profiles.yml, but did
not find one. For more information on configuring your profile, consult the
documentation:

https://docs.getdbt.com/docs/configure-your-profile


[0m13:39:20.618134 [info ] [MainThread]: Project loading failed for the following reason:
 project path <D:\NYC_Taxi_Project\dbt_project.yml> not found

[0m13:39:20.619010 [debug] [MainThread]: Command `dbt debug` failed at 13:39:20.618873 after 0.47 seconds
[0m13:39:20.619498 [debug] [MainThread]: Sending event: {'category': 'dbt', 'action': 'invocation', 'label': 'end', 'context': [<snowplow_tracker.self_describing_json.SelfDescribingJson object at 0x0000018072F936F0>, <snowplow_tracker.self_describing_json.SelfDescribingJson object at 0x00000180731D1910>, <snowplow_tracker.self_describing_json.SelfDescribingJson object at 0x00000180731A4AF0>]}
[0m13:39:20.619965 [debug] [MainThread]: Flushing usage events
[0m13:39:21.852887 [debug] [MainThread]: An error was encountered while trying to flush usage events
